// Jest Snapshot v1, https://goo.gl/fbAQLP

exports[`Seat snapshot should always match the snapshot 1`] = `
ShallowWrapper {
  "length": 1,
  Symbol(enzyme.__root__): [Circular],
  Symbol(enzyme.__unrendered__): <Seat
    currentSeatOrder={
        Array [
            Object {
              "item": "Lamb",
              "price": 29,
            },
            Object {
              "item": "Burger",
              "price": 19,
            },
            Object {
              "item": "Mahi Mahi",
              "price": 27,
            },
          ]
    }
    currentTable={
        Object {
            "tableNumber": "22",
          }
    }
    currentTableOrder={
        Array [
            Object {
              "currentSeatOrder": Array [
                Object {
                  "item": "Lamb",
                  "price": 29,
                },
                Object {
                  "item": "Burger",
                  "price": 19,
                },
                Object {
                  "item": "Mahi Mahi",
                  "price": 27,
                },
              ],
              "seatNumber": "1",
            },
            Object {
              "currentSeatOrder": Array [
                Object {
                  "item": "Scallops",
                  "price": 30,
                },
              ],
              "seatNumber": "2",
            },
          ]
    }
    currentUser={
        Object {
            "loginCode": "0000",
            "name": "Jen",
          }
    }
    seat={
        Object {
            "order": Array [
              Object {
                "item": "Lamb",
                "price": 29,
              },
              Object {
                "item": "Burger",
                "price": 19,
              },
              Object {
                "item": "Mahi Mahi",
                "price": 27,
              },
            ],
            "seatNumber": "1",
            "tableNumber": "22",
          }
    }
    tables={
        Array [
            Object {
              "seats": Array [
                Object {
                  "order": Array [
                    Object {
                      "item": "Lamb",
                      "price": 29,
                    },
                    Object {
                      "item": "Burger",
                      "price": 19,
                    },
                    Object {
                      "item": "Mahi Mahi",
                      "price": 27,
                    },
                  ],
                  "seatNumber": "1",
                },
              ],
              "tableNumber": "22",
            },
          ]
    }
/>,
  Symbol(enzyme.__renderer__): Object {
    "batchedUpdates": [Function],
    "getNode": [Function],
    "render": [Function],
    "simulateEvent": [Function],
    "unmount": [Function],
  },
  Symbol(enzyme.__node__): Object {
    "instance": null,
    "key": undefined,
    "nodeType": "host",
    "props": Object {
      "children": Array [
        <Link
          replace={false}
          to="/0000/tables/22/1/menu"
>
          <h3>
                    1
          </h3>
</Link>,
        <ul
          className="seat-order-container"
>
          <li
                    className="menu-item"
          >
                    Lamb
                    <button
                              className="edit-order-item-button"
                    >
                              Edit
                    </button>
                    <button
                              className="remove-order-item-button"
                              onClick={[Function]}
                    >
                              X
                    </button>
          </li>
          <li
                    className="menu-item"
          >
                    Burger
                    <button
                              className="edit-order-item-button"
                    >
                              Edit
                    </button>
                    <button
                              className="remove-order-item-button"
                              onClick={[Function]}
                    >
                              X
                    </button>
          </li>
          <li
                    className="menu-item"
          >
                    Mahi Mahi
                    <button
                              className="edit-order-item-button"
                    >
                              Edit
                    </button>
                    <button
                              className="remove-order-item-button"
                              onClick={[Function]}
                    >
                              X
                    </button>
          </li>
</ul>,
      ],
      "className": "seat",
      "onClick": [Function],
    },
    "ref": null,
    "rendered": Array [
      Object {
        "instance": null,
        "key": undefined,
        "nodeType": "class",
        "props": Object {
          "children": <h3>
            1
</h3>,
          "replace": false,
          "to": "/0000/tables/22/1/menu",
        },
        "ref": null,
        "rendered": Object {
          "instance": null,
          "key": undefined,
          "nodeType": "host",
          "props": Object {
            "children": "1",
          },
          "ref": null,
          "rendered": "1",
          "type": "h3",
        },
        "type": [Function],
      },
      Object {
        "instance": null,
        "key": undefined,
        "nodeType": "host",
        "props": Object {
          "children": Array [
            <li
              className="menu-item"
>
              Lamb
              <button
                            className="edit-order-item-button"
              >
                            Edit
              </button>
              <button
                            className="remove-order-item-button"
                            onClick={[Function]}
              >
                            X
              </button>
</li>,
            <li
              className="menu-item"
>
              Burger
              <button
                            className="edit-order-item-button"
              >
                            Edit
              </button>
              <button
                            className="remove-order-item-button"
                            onClick={[Function]}
              >
                            X
              </button>
</li>,
            <li
              className="menu-item"
>
              Mahi Mahi
              <button
                            className="edit-order-item-button"
              >
                            Edit
              </button>
              <button
                            className="remove-order-item-button"
                            onClick={[Function]}
              >
                            X
              </button>
</li>,
          ],
          "className": "seat-order-container",
        },
        "ref": null,
        "rendered": Array [
          Object {
            "instance": null,
            "key": "1482363367071",
            "nodeType": "host",
            "props": Object {
              "children": Array [
                "Lamb",
                <button
                  className="edit-order-item-button"
>
                  Edit
</button>,
                <button
                  className="remove-order-item-button"
                  onClick={[Function]}
>
                  X
</button>,
              ],
              "className": "menu-item",
            },
            "ref": null,
            "rendered": Array [
              "Lamb",
              Object {
                "instance": null,
                "key": undefined,
                "nodeType": "host",
                "props": Object {
                  "children": "Edit",
                  "className": "edit-order-item-button",
                },
                "ref": null,
                "rendered": "Edit",
                "type": "button",
              },
              Object {
                "instance": null,
                "key": undefined,
                "nodeType": "host",
                "props": Object {
                  "children": "X",
                  "className": "remove-order-item-button",
                  "onClick": [Function],
                },
                "ref": null,
                "rendered": "X",
                "type": "button",
              },
            ],
            "type": "li",
          },
          Object {
            "instance": null,
            "key": "1482363367072",
            "nodeType": "host",
            "props": Object {
              "children": Array [
                "Burger",
                <button
                  className="edit-order-item-button"
>
                  Edit
</button>,
                <button
                  className="remove-order-item-button"
                  onClick={[Function]}
>
                  X
</button>,
              ],
              "className": "menu-item",
            },
            "ref": null,
            "rendered": Array [
              "Burger",
              Object {
                "instance": null,
                "key": undefined,
                "nodeType": "host",
                "props": Object {
                  "children": "Edit",
                  "className": "edit-order-item-button",
                },
                "ref": null,
                "rendered": "Edit",
                "type": "button",
              },
              Object {
                "instance": null,
                "key": undefined,
                "nodeType": "host",
                "props": Object {
                  "children": "X",
                  "className": "remove-order-item-button",
                  "onClick": [Function],
                },
                "ref": null,
                "rendered": "X",
                "type": "button",
              },
            ],
            "type": "li",
          },
          Object {
            "instance": null,
            "key": "1482363367073",
            "nodeType": "host",
            "props": Object {
              "children": Array [
                "Mahi Mahi",
                <button
                  className="edit-order-item-button"
>
                  Edit
</button>,
                <button
                  className="remove-order-item-button"
                  onClick={[Function]}
>
                  X
</button>,
              ],
              "className": "menu-item",
            },
            "ref": null,
            "rendered": Array [
              "Mahi Mahi",
              Object {
                "instance": null,
                "key": undefined,
                "nodeType": "host",
                "props": Object {
                  "children": "Edit",
                  "className": "edit-order-item-button",
                },
                "ref": null,
                "rendered": "Edit",
                "type": "button",
              },
              Object {
                "instance": null,
                "key": undefined,
                "nodeType": "host",
                "props": Object {
                  "children": "X",
                  "className": "remove-order-item-button",
                  "onClick": [Function],
                },
                "ref": null,
                "rendered": "X",
                "type": "button",
              },
            ],
            "type": "li",
          },
        ],
        "type": "ul",
      },
    ],
    "type": "div",
  },
  Symbol(enzyme.__nodes__): Array [
    Object {
      "instance": null,
      "key": undefined,
      "nodeType": "host",
      "props": Object {
        "children": Array [
          <Link
            replace={false}
            to="/0000/tables/22/1/menu"
>
            <h3>
                        1
            </h3>
</Link>,
          <ul
            className="seat-order-container"
>
            <li
                        className="menu-item"
            >
                        Lamb
                        <button
                                    className="edit-order-item-button"
                        >
                                    Edit
                        </button>
                        <button
                                    className="remove-order-item-button"
                                    onClick={[Function]}
                        >
                                    X
                        </button>
            </li>
            <li
                        className="menu-item"
            >
                        Burger
                        <button
                                    className="edit-order-item-button"
                        >
                                    Edit
                        </button>
                        <button
                                    className="remove-order-item-button"
                                    onClick={[Function]}
                        >
                                    X
                        </button>
            </li>
            <li
                        className="menu-item"
            >
                        Mahi Mahi
                        <button
                                    className="edit-order-item-button"
                        >
                                    Edit
                        </button>
                        <button
                                    className="remove-order-item-button"
                                    onClick={[Function]}
                        >
                                    X
                        </button>
            </li>
</ul>,
        ],
        "className": "seat",
        "onClick": [Function],
      },
      "ref": null,
      "rendered": Array [
        Object {
          "instance": null,
          "key": undefined,
          "nodeType": "class",
          "props": Object {
            "children": <h3>
              1
</h3>,
            "replace": false,
            "to": "/0000/tables/22/1/menu",
          },
          "ref": null,
          "rendered": Object {
            "instance": null,
            "key": undefined,
            "nodeType": "host",
            "props": Object {
              "children": "1",
            },
            "ref": null,
            "rendered": "1",
            "type": "h3",
          },
          "type": [Function],
        },
        Object {
          "instance": null,
          "key": undefined,
          "nodeType": "host",
          "props": Object {
            "children": Array [
              <li
                className="menu-item"
>
                Lamb
                <button
                                className="edit-order-item-button"
                >
                                Edit
                </button>
                <button
                                className="remove-order-item-button"
                                onClick={[Function]}
                >
                                X
                </button>
</li>,
              <li
                className="menu-item"
>
                Burger
                <button
                                className="edit-order-item-button"
                >
                                Edit
                </button>
                <button
                                className="remove-order-item-button"
                                onClick={[Function]}
                >
                                X
                </button>
</li>,
              <li
                className="menu-item"
>
                Mahi Mahi
                <button
                                className="edit-order-item-button"
                >
                                Edit
                </button>
                <button
                                className="remove-order-item-button"
                                onClick={[Function]}
                >
                                X
                </button>
</li>,
            ],
            "className": "seat-order-container",
          },
          "ref": null,
          "rendered": Array [
            Object {
              "instance": null,
              "key": "1482363367071",
              "nodeType": "host",
              "props": Object {
                "children": Array [
                  "Lamb",
                  <button
                    className="edit-order-item-button"
>
                    Edit
</button>,
                  <button
                    className="remove-order-item-button"
                    onClick={[Function]}
>
                    X
</button>,
                ],
                "className": "menu-item",
              },
              "ref": null,
              "rendered": Array [
                "Lamb",
                Object {
                  "instance": null,
                  "key": undefined,
                  "nodeType": "host",
                  "props": Object {
                    "children": "Edit",
                    "className": "edit-order-item-button",
                  },
                  "ref": null,
                  "rendered": "Edit",
                  "type": "button",
                },
                Object {
                  "instance": null,
                  "key": undefined,
                  "nodeType": "host",
                  "props": Object {
                    "children": "X",
                    "className": "remove-order-item-button",
                    "onClick": [Function],
                  },
                  "ref": null,
                  "rendered": "X",
                  "type": "button",
                },
              ],
              "type": "li",
            },
            Object {
              "instance": null,
              "key": "1482363367072",
              "nodeType": "host",
              "props": Object {
                "children": Array [
                  "Burger",
                  <button
                    className="edit-order-item-button"
>
                    Edit
</button>,
                  <button
                    className="remove-order-item-button"
                    onClick={[Function]}
>
                    X
</button>,
                ],
                "className": "menu-item",
              },
              "ref": null,
              "rendered": Array [
                "Burger",
                Object {
                  "instance": null,
                  "key": undefined,
                  "nodeType": "host",
                  "props": Object {
                    "children": "Edit",
                    "className": "edit-order-item-button",
                  },
                  "ref": null,
                  "rendered": "Edit",
                  "type": "button",
                },
                Object {
                  "instance": null,
                  "key": undefined,
                  "nodeType": "host",
                  "props": Object {
                    "children": "X",
                    "className": "remove-order-item-button",
                    "onClick": [Function],
                  },
                  "ref": null,
                  "rendered": "X",
                  "type": "button",
                },
              ],
              "type": "li",
            },
            Object {
              "instance": null,
              "key": "1482363367073",
              "nodeType": "host",
              "props": Object {
                "children": Array [
                  "Mahi Mahi",
                  <button
                    className="edit-order-item-button"
>
                    Edit
</button>,
                  <button
                    className="remove-order-item-button"
                    onClick={[Function]}
>
                    X
</button>,
                ],
                "className": "menu-item",
              },
              "ref": null,
              "rendered": Array [
                "Mahi Mahi",
                Object {
                  "instance": null,
                  "key": undefined,
                  "nodeType": "host",
                  "props": Object {
                    "children": "Edit",
                    "className": "edit-order-item-button",
                  },
                  "ref": null,
                  "rendered": "Edit",
                  "type": "button",
                },
                Object {
                  "instance": null,
                  "key": undefined,
                  "nodeType": "host",
                  "props": Object {
                    "children": "X",
                    "className": "remove-order-item-button",
                    "onClick": [Function],
                  },
                  "ref": null,
                  "rendered": "X",
                  "type": "button",
                },
              ],
              "type": "li",
            },
          ],
          "type": "ul",
        },
      ],
      "type": "div",
    },
  ],
  Symbol(enzyme.__options__): Object {
    "adapter": ReactSixteenAdapter {
      "options": Object {
        "enableComponentDidUpdateOnSetState": true,
      },
    },
  },
}
`;
