// Jest Snapshot v1, https://goo.gl/fbAQLP

exports[`MenuView snapshot should always match the snapshot 1`] = `
ShallowWrapper {
  "length": 1,
  Symbol(enzyme.__root__): [Circular],
  Symbol(enzyme.__unrendered__): <MenuView
    currentSeat={
        Object {
            "order": Array [
              Object {
                "item": "Lamb",
                "price": 29,
              },
              Object {
                "item": "Burger",
                "price": 19,
              },
              Object {
                "item": "Mahi Mahi",
                "price": 27,
              },
            ],
            "seatNumber": "1",
            "tableNumber": "22",
          }
    }
    currentTable={
        Object {
            "tableNumber": "22",
          }
    }
    currentUser={
        Object {
            "KitchenViewCode": "0000",
            "name": "Jen",
          }
    }
/>,
  Symbol(enzyme.__renderer__): Object {
    "batchedUpdates": [Function],
    "getNode": [Function],
    "render": [Function],
    "simulateEvent": [Function],
    "unmount": [Function],
  },
  Symbol(enzyme.__node__): Object {
    "instance": null,
    "key": undefined,
    "nodeType": "host",
    "props": Object {
      "children": Array [
        undefined,
        <Redirect
          push={false}
          to="/login"
/>,
      ],
      "className": "menu-view-wrapper",
    },
    "ref": null,
    "rendered": Array [
      undefined,
      Object {
        "instance": null,
        "key": undefined,
        "nodeType": "class",
        "props": Object {
          "push": false,
          "to": "/login",
        },
        "ref": null,
        "rendered": null,
        "type": [Function],
      },
    ],
    "type": "div",
  },
  Symbol(enzyme.__nodes__): Array [
    Object {
      "instance": null,
      "key": undefined,
      "nodeType": "host",
      "props": Object {
        "children": Array [
          undefined,
          <Redirect
            push={false}
            to="/login"
/>,
        ],
        "className": "menu-view-wrapper",
      },
      "ref": null,
      "rendered": Array [
        undefined,
        Object {
          "instance": null,
          "key": undefined,
          "nodeType": "class",
          "props": Object {
            "push": false,
            "to": "/login",
          },
          "ref": null,
          "rendered": null,
          "type": [Function],
        },
      ],
      "type": "div",
    },
  ],
  Symbol(enzyme.__options__): Object {
    "adapter": ReactSixteenAdapter {
      "options": Object {
        "enableComponentDidUpdateOnSetState": true,
      },
    },
  },
}
`;
